--------------------------------------------------------------------------------------
Timing Analyzer Summary
--------------------------------------------------------------------------------------

Type           : Worst-case tsu
Slack          : N/A
Required Time  : None
Actual Time    : 5.446 ns
From           : SW[17]
To             : KERNEL:inst|sw:the_sw|readdata[17]
From Clock     : --
To Clock       : CLOCK_50
Failed Paths   : 0

Type           : Worst-case tco
Slack          : N/A
Required Time  : None
Actual Time    : 22.232 ns
From           : KERNEL:inst|vendor3_top_3_0:the_vendor3_top_3_0|vendor3_top:vendor3_top_3_0|vendor3:vendor3_top|return_money[5]
To             : HEX0[1]
From Clock     : CLOCK_50
To Clock       : --
Failed Paths   : 0

Type           : Worst-case tpd
Slack          : N/A
Required Time  : None
Actual Time    : 2.612 ns
From           : altera_internal_jtag~TDO
To             : altera_reserved_tdo
From Clock     : --
To Clock       : --
Failed Paths   : 0

Type           : Worst-case th
Slack          : N/A
Required Time  : None
Actual Time    : 2.076 ns
From           : altera_internal_jtag~TMSUTAP
To             : sld_hub:sld_hub_inst|sld_shadow_jsm:shadow_jsm|state[0]
From Clock     : --
To Clock       : altera_internal_jtag~TCKUTAP
Failed Paths   : 0

Type           : Clock Setup: 'CLOCK_50'
Slack          : N/A
Required Time  : None
Actual Time    : 127.75 MHz ( period = 7.828 ns )
From           : KERNEL:inst|cpu:the_cpu|F_pc[0]
To             : KERNEL:inst|cpu:the_cpu|cpu_ic_data_module:cpu_ic_data|altsyncram:the_altsyncram|altsyncram_qed1:auto_generated|ram_block1a0~portb_address_reg9
From Clock     : CLOCK_50
To Clock       : CLOCK_50
Failed Paths   : 0

Type           : Clock Setup: 'altera_internal_jtag~TCKUTAP'
Slack          : N/A
Required Time  : None
Actual Time    : 232.34 MHz ( period = 4.304 ns )
From           : sld_hub:sld_hub_inst|irsr_reg[0]
To             : sld_hub:sld_hub_inst|tdo
From Clock     : altera_internal_jtag~TCKUTAP
To Clock       : altera_internal_jtag~TCKUTAP
Failed Paths   : 0

Type           : Total number of failed paths
Slack          : 
Required Time  : 
Actual Time    : 
From           : 
To             : 
From Clock     : 
To Clock       : 
Failed Paths   : 0

--------------------------------------------------------------------------------------

